// Jest Snapshot v1, https://goo.gl/fbAQLP

exports[`Icon renders EMAIL icon correctly 1`] = `
<div>
  <test-file-stub />
</div>
`;

exports[`Icon renders GITHUB icon correctly 1`] = `
<div>
  <test-file-stub />
</div>
`;

exports[`Icon renders LINKEDIN icon correctly 1`] = `
<div>
  <test-file-stub />
</div>
`;

exports[`Icon renders YOUTUBE icon correctly 1`] = `
<div>
  <test-file-stub />
</div>
`;
